directoryScreenTest
******************* LOGS *********************
 ******************* logcat ******************* 
--------- beginning of main
10-30 13:28:48.696 14258 14338 I MicroDetectionState: Should stop hotword detection immediately - false
10-30 13:28:48.699 14258 14338 I MicroDetectionWorker: #startMicroDetector [speakerMode: 0]
10-30 13:28:48.701 14258 14338 W ErrorReporter: reportError [type: 211, code: 393244, bug: 0]: errorCode: 393244, engine: 0
10-30 13:28:48.704 14258 14338 I MicroDetector: Keeping mic open: false
10-30 13:28:48.704 14258 14338 I MicroDetectionWorker: #onError(false)
10-30 13:28:48.705 14258 26620 I DeviceStateChecker: DeviceStateChecker cancelled
10-30 13:28:49.023  1796 28250 E GnssHAL_GnssInterface: gnssSvStatusCb: a: input svInfo.flags is 8
10-30 13:28:49.023  1796 28250 E GnssHAL_GnssInterface: gnssSvStatusCb: b: input svInfo.flags is 8
10-30 13:28:49.208 14258 14338 I MicroDetectionState: Should stop hotword detection immediately - false
10-30 13:28:49.210 14258 14338 I MicroDetectionWorker: #startMicroDetector [speakerMode: 0]
10-30 13:28:49.212 14258 14338 W ErrorReporter: reportError [type: 211, code: 393244, bug: 0]: errorCode: 393244, engine: 0
10-30 13:28:49.213 14258 14338 I MicroDetector: Keeping mic open: false
10-30 13:28:49.213 14258 14338 I MicroDetectionWorker: #onError(false)
10-30 13:28:49.716 14258 14338 I MicroDetectionState: Should stop hotword detection immediately - false
10-30 13:28:49.719 14258 14338 I MicroDetectionWorker: #startMicroDetector [speakerMode: 0]
10-30 13:28:49.721 14258 14338 W ErrorReporter: reportError [type: 211, code: 393244, bug: 0]: errorCode: 393244, engine: 0
10-30 13:28:49.723 14258 14338 I MicroDetector: Keeping mic open: false
10-30 13:28:49.723 14258 14338 I MicroDetectionWorker: #onError(false)
10-30 13:28:49.723 14258 26620 I DeviceStateChecker: DeviceStateChecker cancelled
10-30 13:28:50.024  1796 28250 E GnssHAL_GnssInterface: gnssSvStatusCb: a: input svInfo.flags is 8
10-30 13:28:50.025  1796 28250 E GnssHAL_GnssInterface: gnssSvStatusCb: b: input svInfo.flags is 8
--------- beginning of system
10-30 13:28:50.037 28011 30288 W AppOps  : Noting op not finished: uid 10098 pkg com.google.android.gms code 41 time=1572463725020 duration=0
10-30 13:28:50.225 14258 14338 I MicroDetectionState: Should stop hotword detection immediately - false
10-30 13:28:50.226 14258 14338 I MicroDetectionWorker: #startMicroDetector [speakerMode: 0]
10-30 13:28:50.228 14258 14338 W ErrorReporter: reportError [type: 211, code: 393244, bug: 0]: errorCode: 393244, engine: 0
10-30 13:28:50.229 14258 14338 I MicroDetector: Keeping mic open: false
10-30 13:28:50.229 14258 14338 I MicroDetectionWorker: #onError(false)
10-30 13:28:50.639  1822  1822 E adbd    : failed to connect to socket 'tcp:6790': Connection refused
10-30 13:28:50.697  1822  1822 I chatty  : uid=2000(shell) /system/bin/adbd identical 36 lines
10-30 13:28:50.700  1822  1822 E adbd    : failed to connect to socket 'tcp:6790': Connection refused
10-30 13:28:50.732 14258 14338 I MicroDetectionState: Should stop hotword detection immediately - false
10-30 13:28:50.733 14258 14338 I MicroDetectionWorker: #startMicroDetector [speakerMode: 0]
10-30 13:28:50.734 14258 14338 W ErrorReporter: reportError [type: 211, code: 393244, bug: 0]: errorCode: 393244, engine: 0
10-30 13:28:50.735 14258 14338 I MicroDetector: Keeping mic open: false
10-30 13:28:50.736 14258 14338 I MicroDetectionWorker: #onError(false)
10-30 13:28:50.759 28011 28011 V SettingsProvider: Notifying for 0: content://settings/global/hidden_api_policy_pre_p_apps
10-30 13:28:50.795 28011 28011 V SettingsProvider: Notifying for 0: content://settings/global/hidden_api_policy_p_apps
10-30 13:28:50.833 28011 28011 V SettingsProvider: Notifying for 0: content://settings/global/hidden_api_policy
10-30 13:28:51.026  1796 28250 E GnssHAL_GnssInterface: gnssSvStatusCb: a: input svInfo.flags is 8
10-30 13:28:51.026  1796 28250 E GnssHAL_GnssInterface: gnssSvStatusCb: b: input svInfo.flags is 8
10-30 13:28:51.239 14258 14338 I MicroDetectionState: Should stop hotword detection immediately - false
10-30 13:28:51.240 14258 14338 I MicroDetectionWorker: #startMicroDetector [speakerMode: 0]
10-30 13:28:51.241 14258 14338 W ErrorReporter: reportError [type: 211, code: 393244, bug: 0]: errorCode: 393244, engine: 0
10-30 13:28:51.242 14258 14338 I MicroDetector: Keeping mic open: false
10-30 13:28:51.242 14258 14338 I MicroDetectionWorker: #onError(false)
10-30 13:28:51.746 14258 14338 I MicroDetectionState: Should stop hotword detection immediately - false
10-30 13:28:51.747 14258 14338 I MicroDetectionWorker: #startMicroDetector [speakerMode: 0]
10-30 13:28:51.748 14258 14338 W ErrorReporter: reportError [type: 211, code: 393244, bug: 0]: errorCode: 393244, engine: 0
10-30 13:28:51.749 14258 14338 I MicroDetector: Keeping mic open: false
10-30 13:28:51.749 14258 14338 I MicroDetectionWorker: #onError(false)
10-30 13:28:52.030  1796 28250 E GnssHAL_GnssInterface: gnssSvStatusCb: a: input svInfo.flags is 8
10-30 13:28:52.030  1796 28250 E GnssHAL_GnssInterface: gnssSvStatusCb: b: input svInfo.flags is 8
10-30 13:28:52.252 14258 14338 I MicroDetectionState: Should stop hotword detection immediately - false
10-30 13:28:52.253 14258 14338 I MicroDetectionWorker: #startMicroDetector [speakerMode: 0]
10-30 13:28:52.256 14258 14338 W ErrorReporter: reportError [type: 211, code: 393244, bug: 0]: errorCode: 393244, engine: 0
10-30 13:28:52.257 14258 14338 I MicroDetector: Keeping mic open: false
10-30 13:28:52.257 14258 14338 I MicroDetectionWorker: #onError(false)
10-30 13:28:52.760 14258 14338 I MicroDetectionState: Should stop hotword detection immediately - false
10-30 13:28:52.766 14258 14338 I MicroDetectionWorker: #startMicroDetector [speakerMode: 0]
10-30 13:28:52.772 14258 14338 W ErrorReporter: reportError [type: 211, code: 393244, bug: 0]: errorCode: 393244, engine: 0
10-30 13:28:52.773 14258 14338 I MicroDetector: Keeping mic open: false
10-30 13:28:52.773 14258 14338 I MicroDetectionWorker: #onError(false)
10-30 13:28:52.843  1943  1943 E netmgr  : Failed to open QEMU pipe 'qemud:network': Invalid argument
10-30 13:28:53.034  1796 28250 E GnssHAL_GnssInterface: gnssSvStatusCb: a: input svInfo.flags is 8
10-30 13:28:53.034  1796 28250 E GnssHAL_GnssInterface: gnssSvStatusCb: b: input svInfo.flags is 8
10-30 13:28:53.131 28011 28023 I system_server: Background concurrent copying GC freed 64388(4861KB) AllocSpace objects, 33(788KB) LOS objects, 17% free, 28MB/34MB, paused 578us total 188.866ms
10-30 13:28:53.227 28011 28050 I PackageManager: Un-granting permission android.permission.MANAGE_DOCUMENTS from package com.google.android.youtube (protectionLevel=262146 flags=0x30dbbec5)
10-30 13:28:53.228 28011 28050 I PackageManager: Un-granting permission android.permission.WRITE_SETTINGS from package io.appium.settings (protectionLevel=1218 flags=0x30883e46)
10-30 13:28:53.228 28011 28050 I PackageManager: Un-granting permission android.permission.ACCESS_MOCK_LOCATION from package io.appium.settings (protectionLevel=2 flags=0x30883e46)
10-30 13:28:53.228 28011 28050 I PackageManager: Un-granting permission android.permission.MANAGE_USB from package com.google.android.googlequicksearchbox (protectionLevel=18 flags=0x30dbbec5)
10-30 13:28:53.228 28011 28050 I PackageManager: Un-granting permission com.google.android.googleapps.permission.GOOGLE_AUTH from package com.android.providers.calendar (protectionLevel=2 flags=0x30883e45)
10-30 13:28:53.228 28011 28050 I PackageManager: Un-granting permission com.google.android.googleapps.permission.GOOGLE_AUTH.cl from package com.android.providers.calendar (protectionLevel=2 flags=0x30883e45)
10-30 13:28:53.228 28011 28050 I PackageManager: Un-granting permission android.permission.WRITE_SECURE_SETTINGS from package com.google.android.apps.enterprise.dmagent (protectionLevel=50 flags=0x30083e05)
10-30 13:28:53.228 28011 28050 I PackageManager: Un-granting permission android.permission.CONNECTIVITY_INTERNAL from package com.google.android.apps.enterprise.dmagent (protectionLevel=18 flags=0x30083e05)
10-30 13:28:53.228 28011 28050 I PackageManager: Un-granting permission android.permission.MANAGE_USB from package com.google.android.apps.enterprise.dmagent (protectionLevel=18 flags=0x30083e05)
10-30 13:28:53.228 28011 28050 I PackageManager: Un-granting permission android.permission.CHANGE_COMPONENT_ENABLED_STATE from package com.google.android.apps.enterprise.dmagent (protectionLevel=18 flags=0x30083e05)
10-30 13:28:53.228 28011 28050 I PackageManager: Un-granting permission android.permission.MANAGE_CA_CERTIFICATES from package com.google.android.apps.enterprise.dmagent (protectionLevel=18 flags=0x30083e05)
10-30 13:28:53.228 28011 28050 I PackageManager: Un-granting permission android.permission.MANAGE_USERS from package com.google.android.apps.enterprise.dmagent (protectionLevel=18 flags=0x30083e05)
10-30 13:28:53.228 28011 28050 I PackageManager: Un-granting permission com.google.android.setupwizard.READ_DEVICE_ORIGIN from package com.google.android.apps.messaging (protectionLevel=18 flags=0x38cbbec5)
10-30 13:28:53.231 28011 28050 I PackageManager: Un-granting permission android.permission.SEND_DOWNLOAD_COMPLETED_INTENTS from package com.android.vending (protectionLevel=2 flags=0x38cabec5)
10-30 13:28:53.234 28011 28050 I PackageManager: Un-granting permission android.permission.BIND_WALLPAPER from package com.android.camera2 (protectionLevel=18 flags=0x20d8bc45)
10-30 13:28:53.234 28011 28050 I PackageManager: Un-granting permission android.permission.REQUEST_INSTALL_PACKAGES from package com.google.android.gm (protectionLevel=66 flags=0x38cbbec5)
10-30 13:28:53.235 28011 28050 I PackageManager: Un-granting permission android.permission.BIND_JOB_SERVICE from package com.google.android.music (protectionLevel=2 flags=0x38cbbee5)
10-30 13:28:53.235 28011 28050 I PackageManager: Un-granting permission android.permission.CONNECTIVITY_USE_RESTRICTED_NETWORKS from package com.google.android.captiveportallogin (protectionLevel=18 flags=0x38c8be45)
10-30 13:28:53.235 28011 28050 I PackageManager: Un-granting permission android.permission.NETWORK_BYPASS_PRIVATE_DNS from package com.google.android.captiveportallogin (protectionLevel=2 flags=0x38c8be45)
10-30 13:28:53.235 28011 28050 I PackageManager: Un-granting permission android.permission.REQUEST_INSTALL_PACKAGES from package com.google.android.apps.docs (protectionLevel=66 flags=0x38cbbec5)
10-30 13:28:53.236 28011 28050 I PackageManager: Un-granting permission android.permission.INTERACT_ACROSS_USERS from package com.google.android.syncadapters.contacts (protectionLevel=50 flags=0x20883e45)
10-30 13:28:53.236 28011 28050 I PackageManager: Un-granting permission android.permission.REQUEST_INSTALL_PACKAGES from package com.android.chrome (protectionLevel=66 flags=0xa0cbbec5)
10-30 13:28:53.237 28011 28050 I PackageManager: Un-granting permission android.permission.CAPTURE_VIDEO_OUTPUT from package com.google.android.gms (protectionLevel=2 flags=0xa0cabec5)
10-30 13:28:53.237 28011 28050 I PackageManager: Un-granting permission android.permission.MANAGE_DEVICE_ADMINS from package com.google.android.gms (protectionLevel=2 flags=0xa0cabec5)
10-30 13:28:53.237 28011 28050 I PackageManager: Un-granting permission android.permission.MANAGE_ACTIVITY_STACKS from package com.google.android.gms (protectionLevel=2 flags=0xa0cabec5)
10-30 13:28:53.237 28011 28050 I PackageManager: Un-granting permission android.permission.CAPTURE_SECURE_VIDEO_OUTPUT from package com.google.android.gms (protectionLevel=2 flags=0xa0cabec5)
10-30 13:28:53.238 28011 28050 I PackageManager: Un-granting permission com.google.android.googleapps.permission.GOOGLE_AUTH from package com.google.android.videos (protectionLevel=2 flags=0x30dbbec5)
10-30 13:28:53.239 28011 28050 I PackageManager: Un-granting permission android.permission.WRITE_MEDIA_STORAGE from package com.google.android.apps.photos (protectionLevel=18 flags=0x38d9bec5)
10-30 13:28:53.282 14258 14338 I MicroDetectionState: Should stop hotword detection immediately - false
10-30 13:28:53.284 14258 14338 I MicroDetectionWorker: #startMicroDetector [speakerMode: 0]
10-30 13:28:53.284 14258 14338 W ErrorReporter: reportError [type: 211, code: 393244, bug: 0]: errorCode: 393244, engine: 0
10-30 13:28:53.285 14258 14338 I MicroDetector: Keeping mic open: false
10-30 13:28:53.285 14258 14338 I MicroDetectionWorker: #onError(false)
10-30 13:28:53.294 28011 28050 I PackageManager.DexOptimizer: Running dexopt (dexoptNeeded=1) on: /data/app/org.lds.ldstools.alpha-Fj5tP76xyxU-oFFFP1u1Cw==/base.apk pkg=org.lds.ldstools.alpha isa=x86 dexoptFlags=boot_complete,profile_guided,public,enable_hidden_api_checks targetFilter=speed-profile oatDir=/data/app/org.lds.ldstools.alpha-Fj5tP76xyxU-oFFFP1u1Cw==/oat classLoaderContext=PCL[]{PCL[/system/framework/org.apache.http.legacy.jar]}
10-30 13:28:53.295  1853  2160 V installd: DexInv: --- BEGIN '/data/app/org.lds.ldstools.alpha-Fj5tP76xyxU-oFFFP1u1Cw==/base.apk' ---
10-30 13:28:53.314 28514 29258 W GCoreFlp: No location to return for getLastLocation()
10-30 13:28:53.314 28011 30288 I WifiService: acquireWifiLock uid=10098 lockMode=2
10-30 13:28:53.316 27743 27743 W dex2oat : Unexpected CPU variant for X86 using defaults: x86
10-30 13:28:53.317 27743 27743 W dex2oat : Mismatch between dex2oat instruction set features to use (ISA: X86 Feature string: -ssse3,-sse4.1,-sse4.2,-avx,-avx2,-popcnt) and those from CPP defines (ISA: X86 Feature string: ssse3,-sse4.1,-sse4.2,-avx,-avx2,-popcnt) for the command line:
10-30 13:28:53.317 27743 27743 W dex2oat : /apex/com.android.runtime/bin/dex2oat --zip-fd=8 --zip-location=base.apk --input-vdex-fd=-1 --output-vdex-fd=10 --oat-fd=9 --oat-location=/data/app/org.lds.ldstools.alpha-Fj5tP76xyxU-oFFFP1u1Cw==/oat/x86/base.odex --instruction-set=x86 --instruction-set-variant=x86 --instruction-set-features=default --runtime-arg -Xbootclasspath:/apex/com.android.runtime/javalib/core-oj.jar:/apex/com.android.runtime/javalib/core-libart.jar:/apex/com.android.runtime/javalib/okhttp.jar:/apex/com.android.runtime/javalib/bouncycastle.jar:/apex/com.android.runtime/javalib/apache-xml.jar:/system/framework/framework.jar:/system/framework/ext.jar:/system/framework/telephony-common.jar:/system/framework/voip-common.jar:/system/framework/ims-common.jar:/system/framework/android.test.base.jar --runtime-arg -Xms64m --runtime-arg -Xmx512m --resolve-startup-const-strings=true --max-image-block-size=524288 --compiler-filter=speed-profile --swap-fd=11 --app-image-fd=12 --image-format=lz4 --classpath-dir=/data/app/org.lds.ldstools.alpha-Fj5t
10-30 13:28:53.317 27743 27743 I dex2oat : /apex/com.android.runtime/bin/dex2oat --input-vdex-fd=-1 --output-vdex-fd=10 --resolve-startup-const-strings=true --max-image-block-size=524288 --compiler-filter=speed-profile --classpath-dir=/data/app/org.lds.ldstools.alpha-Fj5tP76xyxU-oFFFP1u1Cw== --class-loader-context=PCL[]{PCL[/system/framework/org.apache.http.legacy.jar]} --generate-mini-debug-info --compact-dex-level=none --compilation-reason=install
10-30 13:28:53.320 27743 27743 I dex2oat : setting boot class path to /apex/com.android.runtime/javalib/core-oj.jar:/apex/com.android.runtime/javalib/core-libart.jar:/apex/com.android.runtime/javalib/okhttp.jar:/apex/com.android.runtime/javalib/bouncycastle.jar:/apex/com.android.runtime/javalib/apache-xml.jar:/system/framework/framework.jar:/system/framework/ext.jar:/system/framework/telephony-common.jar:/system/framework/voip-common.jar:/system/framework/ims-common.jar:/system/framework/android.test.base.jar
10-30 13:28:53.787 14258 14338 I MicroDetectionState: Should stop hotword detection immediately - false
10-30 13:28:53.788 14258 14338 I MicroDetectionWorker: #startMicroDetector [speakerMode: 0]
10-30 13:28:53.794 14258 14338 W ErrorReporter: reportError [type: 211, code: 393244, bug: 0]: errorCode: 393244, engine: 0
10-30 13:28:53.794 14258 14338 I MicroDetector: Keeping mic open: false
10-30 13:28:53.794 14258 14338 I MicroDetectionWorker: #onError(false)
10-30 13:28:53.873 27743 27743 I dex2oat : Large app, accepted running with swap.
10-30 13:28:54.036  1796 28250 E GnssHAL_GnssInterface: gnssSvStatusCb: a: input svInfo.flags is 8
10-30 13:28:54.036  1796 28250 E GnssHAL_GnssInterface: gnssSvStatusCb: b: input svInfo.flags is 8
10-30 13:28:54.184 28011 30288 D WificondControl: Scan result ready event
10-30 13:28:54.201 28011 30288 I WifiService: releaseWifiLock uid=10098
10-30 13:28:54.297 14258 14338 I MicroDetectionState: Should stop hotword detection immediately - false
10-30 13:28:54.298 14258 14338 I MicroDetectionWorker: #startMicroDetector [speakerMode: 0]
10-30 13:28:54.300 14258 14338 W ErrorReporter: reportError [type: 211, code: 393244, bug: 0]: errorCode: 393244, engine: 0
10-30 13:28:54.301 14258 14338 I MicroDetector: Keeping mic open: false
10-30 13:28:54.301 14258 14338 I MicroDetectionWorker: #onError(false)
10-30 13:28:54.804 14258 14338 I MicroDetectionState: Should stop hotword detection immediately - false
10-30 13:28:54.804 14258 14338 I MicroDetectionWorker: #startMicroDetector [speakerMode: 0]
10-30 13:28:54.806 14258 14338 W ErrorReporter: reportError [type: 211, code: 393244, bug: 0]: errorCode: 393244, engine: 0
10-30 13:28:54.806 14258 14338 I MicroDetector: Keeping mic open: false
10-30 13:28:54.806 14258 14338 I MicroDetectionWorker: #onError(false)
10-30 13:28:55.036  1796 28250 E GnssHAL_GnssInterface: gnssSvStatusCb: a: input svInfo.flags is 8
10-30 13:28:55.036  1796 28250 E GnssHAL_GnssInterface: gnssSvStatusCb: b: input svInfo.flags is 8
10-30 13:28:55.048 28011 28779 W AppOps  : Noting op not finished: uid 10098 pkg com.google.android.gms code 41 time=1572463730037 duration=0
10-30 13:28:55.309 14258 14338 I MicroDetectionState: Should stop hotword detection immediately - false
10-30 13:28:55.310 14258 14338 I MicroDetectionWorker: #startMicroDetector [speakerMode: 0]
10-30 13:28:55.310 14258 14338 W ErrorReporter: reportError [type: 211, code: 393244, bug: 0]: errorCode: 393244, engine: 0
10-30 13:28:55.311 14258 14338 I MicroDetector: Keeping mic open: false
10-30 13:28:55.311 14258 14338 I MicroDetectionWorker: #onError(false)
10-30 13:28:55.813 14258 14338 I MicroDetectionState: Should stop hotword detection immediately - false
10-30 13:28:55.814 14258 14338 I MicroDetectionWorker: #startMicroDetector [speakerMode: 0]
10-30 13:28:55.815 14258 14338 W ErrorReporter: reportError [type: 211, code: 393244, bug: 0]: errorCode: 393244, engine: 0
10-30 13:28:55.816 14258 14338 I MicroDetector: Keeping mic open: false
10-30 13:28:55.816 14258 14338 I MicroDetectionWorker: #onError(false)
10-30 13:28:55.817 14258 27541 I DeviceStateChecker: DeviceStateChecker cancelled
10-30 13:28:56.038  1796 28250 E GnssHAL_GnssInterface: gnssSvStatusCb: a: input svInfo.flags is 8
10-30 13:28:56.039  1796 28250 E GnssHAL_GnssInterface: gnssSvStatusCb: b: input svInfo.flags is 8
10-30 13:28:56.318 14258 14338 I MicroDetectionState: Should stop hotword detection immediately - false
10-30 13:28:56.319 14258 14338 I MicroDetectionWorker: #startMicroDetector [speakerMode: 0]
10-30 13:28:56.330 14258 14338 W ErrorReporter: reportError [type: 211, code: 393244, bug: 0]: errorCode: 393244, engine: 0
10-30 13:28:56.331 14258 14338 I MicroDetector: Keeping mic open: false
10-30 13:28:56.331 14258 14338 I MicroDetectionWorker: #onError(false)
10-30 13:28:56.333 14258 27541 I DeviceStateChecker: DeviceStateChecker cancelled
10-30 13:28:56.836 14258 14338 I MicroDetectionState: Should stop hotword detection immediately - false
10-30 13:28:56.836 14258 14338 I MicroDetectionWorker: #startMicroDetector [speakerMode: 0]
10-30 13:28:56.843 14258 14338 W ErrorReporter: reportError [type: 211, code: 393244, bug: 0]: errorCode: 393244, engine: 0
10-30 13:28:56.843 14258 14338 I MicroDetector: Keeping mic open: false
10-30 13:28:56.843 14258 14338 I MicroDetectionWorker: #onError(false)
10-30 13:28:57.041  1796 28250 E GnssHAL_GnssInterface: gnssSvStatusCb: a: input svInfo.flags is 8
10-30 13:28:57.041  1796 28250 E GnssHAL_GnssInterface: gnssSvStatusCb: b: input svInfo.flags is 8
10-30 13:28:57.347 14258 14338 I MicroDetectionState: Should stop hotword detection immediately - false
10-30 13:28:57.347 14258 14338 I MicroDetectionWorker: #startMicroDetector [speakerMode: 0]
10-30 13:28:57.348 14258 14338 W ErrorReporter: reportError [type: 211, code: 393244, bug: 0]: errorCode: 393244, engine: 0
10-30 13:28:57.350 14258 14338 I MicroDetector: Keeping mic open: false
10-30 13:28:57.350 14258 14338 I MicroDetectionWorker: #onError(false)
10-30 13:28:57.857 14258 14338 I MicroDetectionState: Should stop hotword detection immediately - false
10-30 13:28:57.859 14258 14338 I MicroDetectionWorker: #startMicroDetector [speakerMode: 0]
10-30 13:28:57.859 14258 14338 W ErrorReporter: reportError [type: 211, code: 393244, bug: 0]: errorCode: 393244, engine: 0
10-30 13:28:57.860 14258 14338 I MicroDetector: Keeping mic open: false
10-30 13:28:57.860 14258 14338 I MicroDetectionWorker: #onError(false)
10-30 13:28:58.044  1796 28250 E GnssHAL_GnssInterface: gnssSvStatusCb: a: input svInfo.flags is 8
10-30 13:28:58.044  1796 28250 E GnssHAL_GnssInterface: gnssSvStatusCb: b: input svInfo.flags is 8
10-30 13:28:58.363 14258 14338 I MicroDetectionState: Should stop hotword detection immediately - false
10-30 13:28:58.364 14258 14338 I MicroDetectionWorker: #startMicroDetector [speakerMode: 0]
10-30 13:28:58.367 14258 14338 W ErrorReporter: reportError [type: 211, code: 393244, bug: 0]: errorCode: 393244, engine: 0
10-30 13:28:58.369 14258 14338 I MicroDetector: Keeping mic open: false
10-30 13:28:58.369 14258 14338 I MicroDetectionWorker: #onError(false)
10-30 13:28:58.872 14258 14338 I MicroDetectionState: Should stop hotword detection immediately - false
10-30 13:28:58.873 14258 14338 I MicroDetectionWorker: #startMicroDetector [speakerMode: 0]
10-30 13:28:58.877 14258 14338 W ErrorReporter: reportError [type: 211, code: 393244, bug: 0]: errorCode: 393244, engine: 0
10-30 13:28:58.878 14258 14338 I MicroDetector: Keeping mic open: false
10-30 13:28:58.878 14258 14338 I MicroDetectionWorker: #onError(false)
10-30 13:28:59.047  1796 28250 E GnssHAL_GnssInterface: gnssSvStatusCb: a: input svInfo.flags is 8
10-30 13:28:59.047  1796 28250 E GnssHAL_GnssInterface: gnssSvStatusCb: b: input svInfo.flags is 8
10-30 13:28:59.178 27743 27743 I dex2oat : Explicit concurrent copying GC freed 114375(16MB) AllocSpace objects, 0(0B) LOS objects, 99% free, 1392B/1537KB, paused 612us total 9.102ms
10-30 13:28:59.381 14258 14338 I MicroDetectionState: Should stop hotword detection immediately - false
10-30 13:28:59.383 14258 14338 I MicroDetectionWorker: #startMicroDetector [speakerMode: 0]
10-30 13:28:59.385 14258 14338 W ErrorReporter: reportError [type: 211, code: 393244, bug: 0]: errorCode: 393244, engine: 0
10-30 13:28:59.386 14258 14338 I MicroDetector: Keeping mic open: false
10-30 13:28:59.386 14258 14338 I MicroDetectionWorker: #onError(false)
10-30 13:28:59.452 27743 27743 I dex2oat : dex2oat took 6.136s (17.807s cpu) (threads: 4) arena alloc=2980KB (3051808B) java alloc=17KB (17776B) native alloc=19MB (20264504B) free=1434KB (1468872B) swap=16MB (16777216B)
10-30 13:28:59.463  1853  2160 V installd: DexInv: --- END '/data/app/org.lds.ldstools.alpha-Fj5tP76xyxU-oFFFP1u1Cw==/base.apk' (success) ---
10-30 13:28:59.467  1686  1693 D vold    : Remounting 10208 as mode default
10-30 13:28:59.470 27940 27996 I netd    : trafficSetNetPermForUids(4, [10208]) <0.06ms>
10-30 13:28:59.479  1853  2160 E         : Couldn't opendir /data/app/vmdl868630524.tmp: No such file or directory
10-30 13:28:59.479  1853  2160 E installd: Failed to delete /data/app/vmdl868630524.tmp: No such file or directory
10-30 13:28:59.501 28011 28011 I RoleManagerService: Granting default permissions...
10-30 13:28:59.519  1822  1822 E adbd    : failed to connect to socket 'tcp:6790': Connection refused
10-30 13:28:59.528 28011 28099 I InputReader: Reconfiguring input devices.  changes=0x00000010
10-30 13:28:59.546 28011 28361 W BroadcastQueue: Background execution not allowed: receiving Intent { act=android.intent.action.PACKAGE_ADDED dat=package:org.lds.ldstools.alpha flg=0x4000010 (has extras) } to com.google.android.packageinstaller/com.android.packageinstaller.PackageInstalledReceiver
10-30 13:28:59.547 28011 28038 W BroadcastQueue: Background execution not allowed: receiving Intent { act=android.intent.action.PACKAGE_ADDED dat=package:org.lds.ldstools.alpha flg=0x4000010 (has extras) } to com.android.musicfx/.Compatibility$Receiver
10-30 13:28:59.549 28011 28038 W BroadcastQueue: Background execution not allowed: receiving Intent { act=android.intent.action.PACKAGE_ADDED dat=package:org.lds.ldstools.alpha flg=0x4000010 (has extras) } to com.android.vending/com.google.android.finsky.packagemanager.impl.PackageMonitorReceiverImpl$RegisteredReceiver
10-30 13:28:59.549 28011 28038 W BroadcastQueue: Background execution not allowed: receiving Intent { act=android.intent.action.PACKAGE_ADDED dat=package:org.lds.ldstools.alpha flg=0x4000010 (has extras) } to com.google.android.gms/.games.chimera.GamesSystemBroadcastReceiverProxy
10-30 13:28:59.549 28011 28038 W BroadcastQueue: Background execution not allowed: receiving Intent { act=android.intent.action.PACKAGE_ADDED dat=package:org.lds.ldstools.alpha flg=0x4000010 (has extras) } to com.google.android.gms/.gass.chimera.PackageChangeBroadcastReceiver
10-30 13:28:59.549 28011 28038 W BroadcastQueue: Background execution not allowed: receiving Intent { act=android.intent.action.PACKAGE_ADDED dat=package:org.lds.ldstools.alpha flg=0x4000010 (has extras) } to com.google.android.gms/.chimera.GmsIntentOperationService$PersistentTrustedReceiver
10-30 13:28:59.549 28011 28038 W BroadcastQueue: Background execution not allowed: receiving Intent { act=android.intent.action.PACKAGE_ADDED dat=package:org.lds.ldstools.alpha flg=0x4000010 (has extras) } to com.google.android.googlequicksearchbox/com.google.android.apps.gsa.googlequicksearchbox.GelStubAppWatcher
10-30 13:28:59.550 28011 28038 W BroadcastQueue: Background execution not allowed: receiving Intent { act=android.intent.action.PACKAGE_ADDED dat=package:org.lds.ldstools.alpha flg=0x4000010 (has extras) } to com.google.android.ims/.receivers.RcsAutoStartReceiver
10-30 13:28:59.550 28337 29134 E ActivityThread: Failed to find provider info for com.google.android.apps.wellbeing.api
10-30 13:28:59.609 27936 27936 D Zygote  : Forked child process 27759
10-30 13:28:59.614 28011 28039 W ActivityManager: Slow operation: 79ms so far, now at startProcess: returned from zygote!
10-30 13:28:59.620 28011 28039 W ActivityManager: Slow operation: 85ms so far, now at startProcess: done updating battery stats
10-30 13:28:59.620 28011 28039 W ActivityManager: Slow operation: 85ms so far, now at startProcess: building log message
10-30 13:28:59.620 28011 28039 I ActivityManager: Start proc 27759:com.google.android.permissioncontroller/u0a60 for service {com.google.android.permissioncontroller/com.android.packageinstaller.role.service.RoleControllerServiceImpl}
10-30 13:28:59.620 28011 28039 W ActivityManager: Slow operation: 85ms so far, now at startProcess: starting to update pids map
10-30 13:28:59.621 28011 28039 W ActivityManager: Slow operation: 86ms so far, now at startProcess: done updating pids map
10-30 13:28:59.621 28011 28039 W ActivityManager: Slow operation: 70ms so far, now at startProcess: asking zygote to start proc
10-30 13:28:59.626 27759 27759 W ssioncontrolle: Unexpected CPU variant for X86 using defaults: x86
10-30 13:28:59.631 27759 27759 E ssioncontrolle: Not starting debugger since process cannot load the jdwp agent.
10-30 13:28:59.639 28514 27770 W GCM     : Unexpected forwarded intent: Intent { act=android.intent.action.PACKAGE_ADDED dat=package:org.lds.ldstools.alpha flg=0x4000010 cmp=com.google.android.gms/.chimera.PersistentIntentOperationService (has extras) }
10-30 13:28:59.648 28514 27767 W GCM     : Unexpected forwarded intent: Intent { act=android.intent.action.PACKAGE_ADDED dat=package:org.lds.ldstools.alpha flg=0x4000010 cmp=com.google.android.gms/.chimera.PersistentIntentOperationService (has extras) }
10-30 13:28:59.655 28011 28011 W Looper  : Slow dispatch took 140ms main h=android.app.ActivityThread$H c=android.app.-$$Lambda$LoadedApk$ReceiverDispatcher$Args$_BumDX2UKsnxLVrE6UJsJZkotuA@32482ae m=0
10-30 13:28:59.657 28263 28263 D CarrierSvcBindHelper: No carrier app for: 0
10-30 13:28:59.687 28263 28263 D CarrierConfigLoader: mHandler: 9 phoneId: 0
10-30 13:28:59.689 27936 27936 D Zygote  : Forked child process 27783
10-30 13:28:59.695 28011 28787 W ActivityManager: Slow operation: 51ms so far, now at attachApplicationLocked: immediately after bindApplication
10-30 13:28:59.695 28011 28787 W ActivityManager: Slow operation: 53ms so far, now at attachApplicationLocked: after updateLruProcessLocked
10-30 13:28:59.696 28011 28039 W ActivityManager: Slow operation: 145ms so far, now at startProcess: returned from zygote!
10-30 13:28:59.703 27783 27783 W ackageinstalle: Unexpected CPU variant for X86 using defaults: x86
10-30 13:28:59.712 27783 27783 E ackageinstalle: Not starting debugger since process cannot load the jdwp agent.
10-30 13:28:59.742 28011 28787 W ActivityManager: Slow operation: 99ms so far, now at attachApplicationLocked: after mServices.attachApplicationLocked
10-30 13:28:59.746 28011 30627 I ActivityManager: Force stopping io.appium.uiautomator2.server.test appid=10137 user=0: from pid 27755
10-30 13:28:59.774 28011 28039 W ActivityManager: Slow operation: 224ms so far, now at startProcess: done updating battery stats
10-30 13:28:59.775 28011 28039 W ActivityManager: Slow operation: 224ms so far, now at startProcess: building log message
10-30 13:28:59.775 28011 28039 I ActivityManager: Start proc 27783:com.google.android.packageinstaller/u0a58 for broadcast {com.google.android.packageinstaller/com.android.packageinstaller.PackageInstalledReceiver}
10-30 13:28:59.775 28011 28039 W ActivityManager: Slow operation: 224ms so far, now at startProcess: starting to update pids map
10-30 13:28:59.775 28011 28039 W ActivityManager: Slow operation: 224ms so far, now at startProcess: done updating pids map
10-30 13:28:59.781 28263 28263 D CarrierSvcBindHelper: No carrier app for: 0
10-30 13:28:59.790 27759 27759 I ssioncontrolle: The ClassLoaderContext is a special shared library.
10-30 13:28:59.802 14223 27757 I Auth    : [SupervisedAccountIntentOperation] onHandleIntent(): android.intent.action.PACKAGE_ADDED
10-30 13:28:59.806 28011 28011 W Looper  : Slow dispatch took 151ms main h=android.app.ActivityThread$H c=android.app.-$$Lambda$LoadedApk$ReceiverDispatcher$Args$_BumDX2UKsnxLVrE6UJsJZkotuA@64b4155 m=0
10-30 13:28:59.806 28011 28011 W Looper  : Slow delivery took 309ms main h=android.app.ActivityThread$H c=android.app.-$$Lambda$LoadedApk$ReceiverDispatcher$Args$_BumDX2UKsnxLVrE6UJsJZkotuA@8b0e76a m=0
10-30 13:28:59.808 14223 27757 I ChromeSync: [Sync,SyncIntentOperation] Handling the intent: Intent { act=android.intent.action.PACKAGE_ADDED dat=package:org.lds.ldstools.alpha flg=0x4000010 cmp=com.google.android.gms/.chimera.GmsIntentOperationService (has extras) }.
10-30 13:28:59.814 27783 27783 I ackageinstalle: The ClassLoaderContext is a special shared library.
10-30 13:28:59.895 28263 28278 I m.android.phon: Background young concurrent copying GC freed 14801(1270KB) AllocSpace objects, 0(0B) LOS objects, 34% free, 2397KB/3665KB, paused 747us total 135.736ms
10-30 13:28:59.902 14258 14338 I MicroDetectionState: Should stop hotword detection immediately - false
10-30 13:28:59.904 14258 14338 I MicroDetectionWorker: #startMicroDetector [speakerMode: 0]
10-30 13:28:59.909 14258 14338 W ErrorReporter: reportError [type: 211, code: 393244, bug: 0]: errorCode: 393244, engine: 0
10-30 13:28:59.909 14258 14338 I MicroDetector: Keeping mic open: false
10-30 13:28:59.909 14258 14338 I MicroDetectionWorker: #onError(false)
10-30 13:28:59.924 28011 28011 I Telecom : DefaultDialerCache: Refreshing default dialer for user 0: now com.android.dialer: DDC.oR@AvA
10-30 13:28:59.944 28011 30288 I system_server: IncrementDisableThreadFlip blocked for 18.394ms
10-30 13:28:59.945 28011 28105 I system_server: IncrementDisableThreadFlip blocked for 15.072ms
10-30 13:28:59.946 28011 30627 I system_server: IncrementDisableThreadFlip blocked for 13.690ms
10-30 13:28:59.950 28011 28134 I system_server: IncrementDisableThreadFlip blocked for 22.101ms
10-30 13:28:59.977 28011 28011 W Looper  : Drained
10-30 13:29:00.023 27759 27815 I SystemConfig: Adding association: com.google.android.as <- com.android.providers.contacts
10-30 13:29:00.023 27759 27815 I SystemConfig: Adding association: com.google.android.as <- com.android.providers.media
10-30 13:29:00.023 27759 27815 I SystemConfig: Adding association: com.google.android.as <- com.android.providers.telephony
10-30 13:29:00.023 27759 27815 I SystemConfig: Adding association: com.google.android.as <- com.android.systemui
10-30 13:29:00.023 27759 27815 I SystemConfig: Adding association: com.google.android.as <- com.google.android.gms
10-30 13:29:00.023 27759 27815 I SystemConfig: Adding association: com.google.android.as <- com.google.android.gsf
10-30 13:29:00.051  1796 28250 E GnssHAL_GnssInterface: gnssSvStatusCb: a: input svInfo.flags is 8
10-30 13:29:00.051  1796 28250 E GnssHAL_GnssInterface: gnssSvStatusCb: b: input svInfo.flags is 8
10-30 13:29:00.065 27759 27815 W SystemConfig: No directory /product_services/etc/sysconfig, skipping
10-30 13:29:00.065 27759 27815 W SystemConfig: No directory /product_services/etc/permissions, skipping
10-30 13:29:00.104 28011 30627 W AppOps  : Noting op not finished: uid 10098 pkg com.google.android.gms code 41 time=1572463735048 duration=0
10-30 13:29:00.139 28011 28037 W SearchableInfo: Invalid searchable metadata for com.google.android.gms/.nearby.sharing.ContactSelectActivity: Search label must be a resource reference.
10-30 13:29:00.155 27940 27996 I netd    : firewallSetUidRule(2, 10208, 2) <0.16ms>
10-30 13:29:00.165 27812 27812 D AndroidRuntime: >>>>>> START com.android.internal.os.RuntimeInit uid 2000 <<<<<<
10-30 13:29:00.183 27812 27812 E libc    : Access denied finding property "persist.device_config.runtime_native_boot.enable_apex_image"
10-30 13:29:00.183 27812 27812 I AndroidRuntime: Using default boot image
10-30 13:29:00.183 27812 27812 E libc    : Access denied finding property "persist.device_config.runtime_native_boot.disable_lock_profiling"
10-30 13:29:00.183 27812 27812 I AndroidRuntime: Leaving lock profiling enabled
10-30 13:29:00.183 27812 27812 E libc    : Access denied finding property "persist.device_config.runtime_native_boot.enable_generational_cc"
10-30 13:29:00.185 27812 27812 W app_process: Could not reserve sentinel fault page
10-30 13:29:00.159 27812 27812 W app_process: type=1400 audit(0.0:1941): avc: denied { read } for name="u:object_r:device_config_runtime_native_boot_prop:s0" dev="tmpfs" ino=8276 scontext=u:r:shell:s0 tcontext=u:object_r:device_config_runtime_native_boot_prop:s0 tclass=file permissive=0
10-30 13:29:00.179 27812 27812 W app_process: type=1400 audit(0.0:1942): avc: denied { read } for name="u:object_r:device_config_runtime_native_boot_prop:s0" dev="tmpfs" ino=8276 scontext=u:r:shell:s0 tcontext=u:object_r:device_config_runtime_native_boot_prop:s0 tclass=file permissive=0
10-30 13:29:00.251 27812 27812 D ICU     : Time zone APEX file found: /apex/com.android.tzdata/etc/icu/icu_tzdata.dat
10-30 13:29:00.260 27812 27812 W app_process: Unexpected CPU variant for X86 using defaults: x86
10-30 13:29:00.261 27812 27812 I app_process: The ClassLoaderContext is a special shared library.
10-30 13:29:00.277 27812 27812 W app_process: JNI RegisterNativeMethods: attempt to register 0 native methods for android.media.AudioAttributes
10-30 13:29:00.282 27812 27812 D AndroidRuntime: Calling main entry com.android.commands.am.Am
10-30 13:29:00.299 28011 31540 I ActivityManager: Force stopping io.appium.uiautomator2.server appid=10136 user=0: start instr
10-30 13:29:00.300 28011 28023 I system_server: Background concurrent copying GC freed 75233(4723KB) AllocSpace objects, 23(1320KB) LOS objects, 16% free, 29MB/35MB, paused 2.419ms total 826.981ms
10-30 13:29:00.313 27936 27936 D Zygote  : Forked child process 27829
10-30 13:29:00.330 27829 27829 I tomator2.serve: Not late-enabling -Xcheck:jni (already on)
10-30 13:29:00.339 28011 28039 I ActivityManager: Start proc 27829:io.appium.uiautomator2.server/u0a136 for added application io.appium.uiautomator2.server
10-30 13:29:00.376 27829 27829 E tomator2.serve: Unknown bits set in runtime_flags: 0x8000
10-30 13:29:00.376 27829 27829 W tomator2.serve: Unexpected CPU variant for X86 using defaults: x86
10-30 13:29:00.414 14258 14338 I MicroDetectionState: Should stop hotword detection immediately - false
10-30 13:29:00.415 14258 14338 I MicroDetectionWorker: #startMicroDetector [speakerMode: 0]
10-30 13:29:00.416 14258 14338 W ErrorReporter: reportError [type: 211, code: 393244, bug: 0]: errorCode: 393244, engine: 0
10-30 13:29:00.416 14258 14338 I MicroDetector: Keeping mic open: false
10-30 13:29:00.416 14258 14338 I MicroDetectionWorker: #onError(false)
10-30 13:29:00.451 27829 27829 I tomator2.serve: The ClassLoaderContext is a special shared library.
10-30 13:29:00.453 27829 27829 I tomator2.serve: The ClassLoaderContext is a special shared library.
10-30 13:29:00.465 27829 27829 W tomator2.serve: ClassLoaderContext classpath size mismatch. expected=0, found=2 (PCL[]{PCL[/system/framework/android.test.mock.jar*3601177991]{PCL[/system/framework/android.test.base.jar*1299883780]}#PCL[/system/framework/android.test.runner.jar*3312018701]{PCL[/system/framework/android.test.base.jar*1299883780]#PCL[/system/framework/android.test.mock.jar*3601177991]{PCL[/system/framework/android.test.base.jar*1299883780]}}} | PCL[/system/framework/android.test.runner.jar*3312018701:/system/framework/android.test.mock.jar*3601177991])
10-30 13:29:00.466 27829 27829 W tomator2.serve: ClassLoaderContext classpath size mismatch. expected=0, found=4 (PCL[] | PCL[/system/framework/android.test.runner.jar*3312018701:/system/framework/android.test.mock.jar*3601177991:/data/app/io.appium.uiautomator2.server.test-NBsFTGL2lgD0q12VZ5ci9A==/base.apk*2134910765:/data/app/io.appium.uiautomator2.server.test-NBsFTGL2lgD0q12VZ5ci9A==/base.apk!classes2.dex*2874176862])
10-30 13:29:00.466 27829 27829 W tomator2.serve: Found duplicate classes, falling back to extracting from APK : /data/app/io.appium.uiautomator2.server-lKCBY1BhhtKlLalI0pM3Vw==/base.apk
10-30 13:29:00.466 27829 27829 W tomator2.serve: NOTE: This wastes RAM and hurts startup performance.
10-30 13:29:00.466 27829 27829 W tomator2.serve: Found duplicated class when checking oat files: 'Ljunit/runner/BaseTestRunner;' in /data/app/io.appium.uiautomator2.server-lKCBY1BhhtKlLalI0pM3Vw==/base.apk and /system/framework/android.test.runner.jar
10-30 13:29:00.467 27829 27829 W tomator2.serve:
10-30 13:29:00.484 14223 22810 I Icing   : IndexChimeraService.getServiceInterface callingPackage=com.google.android.gms componentName=AppsCorpus serviceId=36
10-30 13:29:00.506 14223 14238 W gle.android.gm: Reducing the number of considered missed Gc histogram windows from 579 to 100
10-30 13:29:00.514 14223 14240 W System  : A resource failed to call close.
10-30 13:29:00.581 14223 23911 I Icing   : Usage reports ok 0, Failed Usage reports 0, indexed 0, rejected 0
10-30 13:29:00.596 14223 15595 I Icing   : IndexChimeraService.getServiceInterface callingPackage=com.google.android.gms componentName=null serviceId=30
10-30 13:29:00.613 27829 27829 I tomator2.serve: The ClassLoaderContext is a special shared library.
10-30 13:29:00.614 27829 27829 I tomator2.serve: The ClassLoaderContext is a special shared library.
10-30 13:29:00.615 27829 27829 W tomator2.serve: ClassLoaderContext classpath size mismatch. expected=0, found=2 (PCL[]{PCL[/system/framework/android.test.mock.jar*3601177991]{PCL[/system/framework/android.test.base.jar*1299883780]}#PCL[/system/framework/android.test.runner.jar*3312018701]{PCL[/system/framework/android.test.base.jar*1299883780]#PCL[/system/framework/android.test.mock.jar*3601177991]{PCL[/system/framework/android.test.base.jar*1299883780]}}} | PCL[/system/framework/android.test.runner.jar*3312018701:/system/framework/android.test.mock.jar*3601177991];PCL[/system/framework/android.test.runner.jar*3312018701:/system/framework/android.test.mock.jar*3601177991:/data/app/io.appium.uiautomator2.server.test-NBsFTGL2lgD0q12VZ5ci9A==/base.apk*2134910765:/data/app/io.appium.uiautomator2.server.test-NBsFTGL2lgD0q12VZ5ci9A==/base.apk!classes2.dex*2874176862:/data/app/io.appium.uiautomator2.server-lKCBY1BhhtKlLalI0pM3Vw==/base.apk*3847715054:/data/app/io.appium.uiautomator2.server-lKCBY1BhhtKlLalI0pM3Vw==/base.apk!classes2.dex*1422330823])
10-30 13:29:00.615 27829 27829 W tomator2.serve: Found duplicate classes, falling back to extracting from APK : /data/app/io.appium.uiautomator2.server.test-NBsFTGL2lgD0q12VZ5ci9A==/base.apk
10-30 13:29:00.615 27829 27829 W tomator2.serve: NOTE: This wastes RAM and hurts startup performance.
10-30 13:29:00.615 27829 27829 W tomator2.serve: Found duplicated class when checking oat files: 'Landroidx/test/espresso/AmbiguousViewMatcherException$1;' in /data/app/io.appium.uiautomator2.server.test-NBsFTGL2lgD0q12VZ5ci9A==/base.apk and /data/app/io.appium.uiautomator2.server.test-NBsFTGL2lgD0q12VZ5ci9A==/base.apk
10-30 13:29:00.615 27829 27829 W tomator2.serve:
10-30 13:29:00.640 14223 23911 I Icing   : Usage reports ok 0, Failed Usage reports 0, indexed 0, rejected 0
10-30 13:29:00.650 27829 27829 W tomator2.serve: ClassLoaderContext classpath size mismatch. expected=0, found=4 (PCL[] | PCL[/system/framework/android.test.runner.jar*3312018701:/system/framework/android.test.mock.jar*3601177991:/data/app/io.appium.uiautomator2.server.test-NBsFTGL2lgD0q12VZ5ci9A==/base.apk*2134910765:/data/app/io.appium.uiautomator2.server.test-NBsFTGL2lgD0q12VZ5ci9A==/base.apk!classes2.dex*2874176862];PCL[/system/framework/android.test.runner.jar*3312018701:/system/framework/android.test.mock.jar*3601177991:/data/app/io.appium.uiautomator2.server.test-NBsFTGL2lgD0q12VZ5ci9A==/base.apk*2134910765:/data/app/io.appium.uiautomator2.server.test-NBsFTGL2lgD0q12VZ5ci9A==/base.apk!classes2.dex*2874176862:/data/app/io.appium.uiautomator2.server-lKCBY1BhhtKlLalI0pM3Vw==/base.apk*3847715054:/data/app/io.appium.uiautomator2.server-lKCBY1BhhtKlLalI0pM3Vw==/base.apk!classes2.dex*1422330823])
10-30 13:29:00.650 27829 27829 W tomator2.serve: Found duplicate classes, falling back to extracting from APK : /data/app/io.appium.uiautomator2.server-lKCBY1BhhtKlLalI0pM3Vw==/base.apk
10-30 13:29:00.650 27829 27829 W tomator2.serve: NOTE: This wastes RAM and hurts startup performance.
10-30 13:29:00.650 27829 27829 W tomator2.serve: Found duplicated class when checking oat files: 'Landroid_libs/ub_uiautomator/R;' in /data/app/io.appium.uiautomator2.server-lKCBY1BhhtKlLalI0pM3Vw==/base.apk!classes2.dex and /data/app/io.appium.uiautomator2.server-lKCBY1BhhtKlLalI0pM3Vw==/base.apk!classes2.dex
10-30 13:29:00.650 27829 27829 W tomator2.serve:
10-30 13:29:00.738 27829 27829 W tomator2.serve: Accessing hidden method Landroid/app/Instrumentation;->execStartActivity(Landroid/content/Context;Landroid/os/IBinder;Landroid/os/IBinder;Landroid/app/Activity;Landroid/content/Intent;ILandroid/os/Bundle;)Landroid/app/Instrumentation$ActivityResult; (greylist, linking, allowed)
10-30 13:29:00.738 27829 27829 W tomator2.serve: Accessing hidden method Landroid/app/Instrumentation;->execStartActivity(Landroid/content/Context;Landroid/os/IBinder;Landroid/os/IBinder;Ljava/lang/String;Landroid/content/Intent;ILandroid/os/Bundle;)Landroid/app/Instrumentation$ActivityResult; (greylist, linking, allowed)
10-30 13:29:00.774 27829 27829 I MonitoringInstr: Instrumentation started!
10-30 13:29:00.789 27829 27829 I MonitoringInstr: Setting context classloader to 'dalvik.system.PathClassLoader[DexPathList[[zip file "/system/framework/android.test.runner.jar", zip file "/system/framework/android.test.mock.jar", zip file "/data/app/io.appium.uiautomator2.server.test-NBsFTGL2lgD0q12VZ5ci9A==/base.apk", zip file "/data/app/io.appium.uiautomator2.server-lKCBY1BhhtKlLalI0pM3Vw==/base.apk"],nativeLibraryDirectories=[/data/app/io.appium.uiautomator2.server.test-NBsFTGL2lgD0q12VZ5ci9A==/lib/x86, /data/app/io.appium.uiautomator2.server-lKCBY1BhhtKlLalI0pM3Vw==/lib/x86, /system/lib, /system/product/lib]]]', Original: 'dalvik.system.PathClassLoader[DexPathList[[zip file "/system/framework/android.test.runner.jar", zip file "/system/framework/android.test.mock.jar", zip file "/data/app/io.appium.uiautomator2.server.test-NBsFTGL2lgD0q12VZ5ci9A==/base.apk", zip file "/data/app/io.appium.uiautomator2.server-lKCBY1BhhtKlLalI0pM3Vw==/base.apk"],nativeLibraryDirectories=[/data/app/io.appium.uiautomator2.server.test-NBsFTGL2lgD0q12VZ5ci9A==/lib/x86, /data/app/io.appium.uiautomator2.server-lKCBY1BhhtKlLalI0pM3Vw==/lib/x86, /system/lib, /system/product/lib]]]'
10-30 13:29:00.797 27829 27829 I MonitoringInstr: No JSBridge.
10-30 13:29:00.800 27829 27852 I MonitoringInstr: Setting context classloader to 'dalvik.system.PathClassLoader[DexPathList[[zip file "/system/framework/android.test.runner.jar", zip file "/system/framework/android.test.mock.jar", zip file "/data/app/io.appium.uiautomator2.server.test-NBsFTGL2lgD0q12VZ5ci9A==/base.apk", zip file "/data/app/io.appium.uiautomator2.server-lKCBY1BhhtKlLalI0pM3Vw==/base.apk"],nativeLibraryDirectories=[/data/app/io.appium.uiautomator2.server.test-NBsFTGL2lgD0q12VZ5ci9A==/lib/x86, /data/app/io.appium.uiautomator2.server-lKCBY1BhhtKlLalI0pM3Vw==/lib/x86, /system/lib, /system/product/lib]]]', Original: 'dalvik.system.PathClassLoader[DexPathList[[zip file "/system/framework/android.test.runner.jar", zip file "/system/framework/android.test.mock.jar", zip file "/data/app/io.appium.uiautomator2.server.test-NBsFTGL2lgD0q12VZ5ci9A==/base.apk", zip file "/data/app/io.appium.uiautomator2.server-lKCBY1BhhtKlLalI0pM3Vw==/base.apk"],nativeLibraryDirectories=[/data/app/io.appium.uiautomator2.server.test-NBsFTGL2lgD0q12VZ5ci9A==/lib/x86, /data/app/io.appium.uiautomator2.server-lKCBY1BhhtKlLalI0pM3Vw==/lib/x86, /system/lib, /system/product/lib]]]'
10-30 13:29:00.827 27829 27852 I UsageTrackerFacilitator: Usage tracking enabled
10-30 13:29:00.841 27829 27852 I TestRequestBuilder: Scanning classpath to find tests in paths [/data/app/io.appium.uiautomator2.server.test-NBsFTGL2lgD0q12VZ5ci9A==/base.apk]
10-30 13:29:00.844 27829 27852 W tomator2.serve: Opening an oat file without a class loader. Are you using the deprecated DexFile APIs?
10-30 13:29:00.844  1822  1822 E adbd    : failed to connect to socket 'tcp:6790': Connection refused
10-30 13:29:00.919 14258 14338 I MicroDetectionState: Should stop hotword detection immediately - false
10-30 13:29:00.920 14258 14338 I MicroDetectionWorker: #startMicroDetector [speakerMode: 0]
10-30 13:29:00.923 14258 14338 W ErrorReporter: reportError [type: 211, code: 393244, bug: 0]: errorCode: 393244, engine: 0
10-30 13:29:00.926 14258 14338 I MicroDetector: Keeping mic open: false
10-30 13:29:00.926 14258 14338 I MicroDetectionWorker: #onError(false)
10-30 13:29:01.011 27829 27852 D TestExecutor: Adding listener androidx.test.internal.runner.listener.LogRunListener
10-30 13:29:01.011 27829 27852 D TestExecutor: Adding listener androidx.test.internal.runner.listener.InstrumentationResultPrinter
10-30 13:29:01.011 27829 27852 D TestExecutor: Adding listener androidx.test.internal.runner.listener.ActivityFinisherRunListener
10-30 13:29:01.012 27829 27852 I TestRunner: run started: 1 tests
10-30 13:29:01.015 27829 27852 I TestRunner: started: startServer(io.appium.uiautomator2.server.test.AppiumUiAutomator2Server)
10-30 13:29:01.017 27829 27829 I MonitoringInstr: Activities that are still in CREATED to STOPPED: 0
10-30 13:29:01.022 27829 27852 I appium  : [AppiumUiAutomator2Server] Starting Server
10-30 13:29:01.055  1796 28250 E GnssHAL_GnssInterface: gnssSvStatusCb: a: input svInfo.flags is 8
10-30 13:29:01.055  1796 28250 E GnssHAL_GnssInterface: gnssSvStatusCb: b: input svInfo.flags is 8
10-30 13:29:01.118 28011 28037 I RoleUserState: Wrote roles.xml successfully
10-30 13:29:01.432 14258 14338 I MicroDetectionState: Should stop hotword detection immediately - false
10-30 13:29:01.435 14258 14338 I MicroDetectionWorker: #startMicroDetector [speakerMode: 0]
10-30 13:29:01.438 14258 14338 W ErrorReporter: reportError [type: 211, code: 393244, bug: 0]: errorCode: 393244, engine: 0
10-30 13:29:01.441 14258 14338 I MicroDetector: Keeping mic open: false
10-30 13:29:01.441 14258 14338 I MicroDetectionWorker: #onError(false)
10-30 13:29:01.590 14223 23911 I Icing   : Indexing com.google.android.gms-apps from com.google.android.gms
10-30 13:29:01.681 14223 23911 I Icing   : Indexing done com.google.android.gms-apps
10-30 13:29:01.681 14223 23911 I Icing   : Indexing com.google.android.gms-internal.3p:MobileApplication from com.google.android.gms
10-30 13:29:01.695 14223 23911 I Icing   : Indexing com.google.android.gms-internal.3p:Event from com.google.android.gms
10-30 13:29:01.709 14223 23911 I Icing   : Indexing done com.google.android.gms-internal.3p:MobileApplication
10-30 13:29:01.715 14223 23911 I Icing   : Indexing done com.google.android.gms-internal.3p:Event
10-30 13:29:01.856  1822  1822 E adbd    : failed to connect to socket 'tcp:6790': Connection refused
10-30 13:29:01.945 14258 14338 I MicroDetectionState: Should stop hotword detection immediately - false
